// Jest Snapshot v1, https://goo.gl/fbAQLP

exports[`should render correctly 1`] = `
ShallowWrapper {
  Symbol(enzyme.__root__): [Circular],
  Symbol(enzyme.__unrendered__): <LevelPlayers
    opponents={
      Array [
        Object {
          "cash": 0,
          "displayName": "Frankie",
          "left": 0,
          "level": 1,
          "state": "online",
          "top": 0,
          "uid": "1",
        },
        Object {
          "cash": 0,
          "displayName": "Stanley",
          "left": 0,
          "level": 1,
          "state": "online",
          "top": 0,
          "uid": "2",
        },
        Object {
          "cash": 0,
          "displayName": "Anna",
          "left": 0,
          "level": 1,
          "state": "online",
          "top": 0,
          "uid": "3",
        },
        Object {
          "cash": 0,
          "displayName": "Jenny",
          "left": 0,
          "level": 1,
          "state": "offline",
          "top": 0,
          "uid": "4",
        },
      ]
    }
  />,
  Symbol(enzyme.__renderer__): Object {
    "batchedUpdates": [Function],
    "getNode": [Function],
    "render": [Function],
    "simulateError": [Function],
    "simulateEvent": [Function],
    "unmount": [Function],
  },
  Symbol(enzyme.__node__): Object {
    "instance": null,
    "key": undefined,
    "nodeType": "host",
    "props": Object {
      "children": Array [
        <h3>
          Players on this Level
        </h3>,
        <PlayersList
          players={
            Array [
              Object {
                "cash": 0,
                "displayName": "Frankie",
                "left": 0,
                "level": 1,
                "state": "online",
                "top": 0,
                "uid": "1",
              },
              Object {
                "cash": 0,
                "displayName": "Stanley",
                "left": 0,
                "level": 1,
                "state": "online",
                "top": 0,
                "uid": "2",
              },
              Object {
                "cash": 0,
                "displayName": "Anna",
                "left": 0,
                "level": 1,
                "state": "online",
                "top": 0,
                "uid": "3",
              },
              Object {
                "cash": 0,
                "displayName": "Jenny",
                "left": 0,
                "level": 1,
                "state": "offline",
                "top": 0,
                "uid": "4",
              },
            ]
          }
        />,
      ],
    },
    "ref": null,
    "rendered": Array [
      Object {
        "instance": null,
        "key": undefined,
        "nodeType": "host",
        "props": Object {
          "children": "Players on this Level",
        },
        "ref": null,
        "rendered": "Players on this Level",
        "type": "h3",
      },
      Object {
        "instance": null,
        "key": undefined,
        "nodeType": "class",
        "props": Object {
          "players": Array [
            Object {
              "cash": 0,
              "displayName": "Frankie",
              "left": 0,
              "level": 1,
              "state": "online",
              "top": 0,
              "uid": "1",
            },
            Object {
              "cash": 0,
              "displayName": "Stanley",
              "left": 0,
              "level": 1,
              "state": "online",
              "top": 0,
              "uid": "2",
            },
            Object {
              "cash": 0,
              "displayName": "Anna",
              "left": 0,
              "level": 1,
              "state": "online",
              "top": 0,
              "uid": "3",
            },
            Object {
              "cash": 0,
              "displayName": "Jenny",
              "left": 0,
              "level": 1,
              "state": "offline",
              "top": 0,
              "uid": "4",
            },
          ],
        },
        "ref": null,
        "rendered": null,
        "type": [Function],
      },
    ],
    "type": "div",
  },
  Symbol(enzyme.__nodes__): Array [
    Object {
      "instance": null,
      "key": undefined,
      "nodeType": "host",
      "props": Object {
        "children": Array [
          <h3>
            Players on this Level
          </h3>,
          <PlayersList
            players={
              Array [
                Object {
                  "cash": 0,
                  "displayName": "Frankie",
                  "left": 0,
                  "level": 1,
                  "state": "online",
                  "top": 0,
                  "uid": "1",
                },
                Object {
                  "cash": 0,
                  "displayName": "Stanley",
                  "left": 0,
                  "level": 1,
                  "state": "online",
                  "top": 0,
                  "uid": "2",
                },
                Object {
                  "cash": 0,
                  "displayName": "Anna",
                  "left": 0,
                  "level": 1,
                  "state": "online",
                  "top": 0,
                  "uid": "3",
                },
                Object {
                  "cash": 0,
                  "displayName": "Jenny",
                  "left": 0,
                  "level": 1,
                  "state": "offline",
                  "top": 0,
                  "uid": "4",
                },
              ]
            }
          />,
        ],
      },
      "ref": null,
      "rendered": Array [
        Object {
          "instance": null,
          "key": undefined,
          "nodeType": "host",
          "props": Object {
            "children": "Players on this Level",
          },
          "ref": null,
          "rendered": "Players on this Level",
          "type": "h3",
        },
        Object {
          "instance": null,
          "key": undefined,
          "nodeType": "class",
          "props": Object {
            "players": Array [
              Object {
                "cash": 0,
                "displayName": "Frankie",
                "left": 0,
                "level": 1,
                "state": "online",
                "top": 0,
                "uid": "1",
              },
              Object {
                "cash": 0,
                "displayName": "Stanley",
                "left": 0,
                "level": 1,
                "state": "online",
                "top": 0,
                "uid": "2",
              },
              Object {
                "cash": 0,
                "displayName": "Anna",
                "left": 0,
                "level": 1,
                "state": "online",
                "top": 0,
                "uid": "3",
              },
              Object {
                "cash": 0,
                "displayName": "Jenny",
                "left": 0,
                "level": 1,
                "state": "offline",
                "top": 0,
                "uid": "4",
              },
            ],
          },
          "ref": null,
          "rendered": null,
          "type": [Function],
        },
      ],
      "type": "div",
    },
  ],
  Symbol(enzyme.__options__): Object {
    "adapter": ReactSixteenAdapter {
      "options": Object {
        "enableComponentDidUpdateOnSetState": true,
        "lifecycles": Object {
          "componentDidUpdate": Object {
            "onSetState": true,
          },
          "getDerivedStateFromProps": true,
          "getSnapshotBeforeUpdate": true,
          "setState": Object {
            "skipsComponentDidUpdateOnNullish": true,
          },
        },
      },
    },
  },
}
`;
