// Jest Snapshot v1, https://goo.gl/fbAQLP

exports[`should render correctly 1`] = `
ShallowWrapper {
  Symbol(enzyme.__root__): [Circular],
  Symbol(enzyme.__unrendered__): <PlayersListItem
    cash={0}
    displayName="Frankie"
    left={0}
    level={1}
    state="online"
    top={0}
    uid="1"
  />,
  Symbol(enzyme.__renderer__): Object {
    "batchedUpdates": [Function],
    "getNode": [Function],
    "render": [Function],
    "simulateError": [Function],
    "simulateEvent": [Function],
    "unmount": [Function],
  },
  Symbol(enzyme.__node__): Object {
    "instance": null,
    "key": undefined,
    "nodeType": "host",
    "props": Object {
      "children": Array [
        <td
          className="leaderboard-table-cell"
        >
          <img
            alt="status"
            src="images/online.png"
            style={
              Object {
                "height": "10px",
              }
            }
          />
        </td>,
        <td
          className="leaderboard-table-cell table-displayName"
        >
          Frankie
        </td>,
        <td
          className="leaderboard-table-cell"
        >
          1
        </td>,
        <td
          className="leaderboard-table-cell"
        >
          0
        </td>,
        <td
          className="leaderboard-table-cell"
        />,
        <td
          className="leaderboard-table-cell"
        />,
      ],
      "className": "leaderboard-table-row",
    },
    "ref": null,
    "rendered": Array [
      Object {
        "instance": null,
        "key": undefined,
        "nodeType": "host",
        "props": Object {
          "children": <img
            alt="status"
            src="images/online.png"
            style={
              Object {
                "height": "10px",
              }
            }
          />,
          "className": "leaderboard-table-cell",
        },
        "ref": null,
        "rendered": Object {
          "instance": null,
          "key": undefined,
          "nodeType": "host",
          "props": Object {
            "alt": "status",
            "src": "images/online.png",
            "style": Object {
              "height": "10px",
            },
          },
          "ref": null,
          "rendered": null,
          "type": "img",
        },
        "type": "td",
      },
      Object {
        "instance": null,
        "key": undefined,
        "nodeType": "host",
        "props": Object {
          "children": "Frankie",
          "className": "leaderboard-table-cell table-displayName",
        },
        "ref": null,
        "rendered": "Frankie",
        "type": "td",
      },
      Object {
        "instance": null,
        "key": undefined,
        "nodeType": "host",
        "props": Object {
          "children": 1,
          "className": "leaderboard-table-cell",
        },
        "ref": null,
        "rendered": 1,
        "type": "td",
      },
      Object {
        "instance": null,
        "key": undefined,
        "nodeType": "host",
        "props": Object {
          "children": 0,
          "className": "leaderboard-table-cell",
        },
        "ref": null,
        "rendered": 0,
        "type": "td",
      },
      Object {
        "instance": null,
        "key": undefined,
        "nodeType": "host",
        "props": Object {
          "children": undefined,
          "className": "leaderboard-table-cell",
        },
        "ref": null,
        "rendered": null,
        "type": "td",
      },
      Object {
        "instance": null,
        "key": undefined,
        "nodeType": "host",
        "props": Object {
          "children": undefined,
          "className": "leaderboard-table-cell",
        },
        "ref": null,
        "rendered": null,
        "type": "td",
      },
    ],
    "type": "tr",
  },
  Symbol(enzyme.__nodes__): Array [
    Object {
      "instance": null,
      "key": undefined,
      "nodeType": "host",
      "props": Object {
        "children": Array [
          <td
            className="leaderboard-table-cell"
          >
            <img
              alt="status"
              src="images/online.png"
              style={
                Object {
                  "height": "10px",
                }
              }
            />
          </td>,
          <td
            className="leaderboard-table-cell table-displayName"
          >
            Frankie
          </td>,
          <td
            className="leaderboard-table-cell"
          >
            1
          </td>,
          <td
            className="leaderboard-table-cell"
          >
            0
          </td>,
          <td
            className="leaderboard-table-cell"
          />,
          <td
            className="leaderboard-table-cell"
          />,
        ],
        "className": "leaderboard-table-row",
      },
      "ref": null,
      "rendered": Array [
        Object {
          "instance": null,
          "key": undefined,
          "nodeType": "host",
          "props": Object {
            "children": <img
              alt="status"
              src="images/online.png"
              style={
                Object {
                  "height": "10px",
                }
              }
            />,
            "className": "leaderboard-table-cell",
          },
          "ref": null,
          "rendered": Object {
            "instance": null,
            "key": undefined,
            "nodeType": "host",
            "props": Object {
              "alt": "status",
              "src": "images/online.png",
              "style": Object {
                "height": "10px",
              },
            },
            "ref": null,
            "rendered": null,
            "type": "img",
          },
          "type": "td",
        },
        Object {
          "instance": null,
          "key": undefined,
          "nodeType": "host",
          "props": Object {
            "children": "Frankie",
            "className": "leaderboard-table-cell table-displayName",
          },
          "ref": null,
          "rendered": "Frankie",
          "type": "td",
        },
        Object {
          "instance": null,
          "key": undefined,
          "nodeType": "host",
          "props": Object {
            "children": 1,
            "className": "leaderboard-table-cell",
          },
          "ref": null,
          "rendered": 1,
          "type": "td",
        },
        Object {
          "instance": null,
          "key": undefined,
          "nodeType": "host",
          "props": Object {
            "children": 0,
            "className": "leaderboard-table-cell",
          },
          "ref": null,
          "rendered": 0,
          "type": "td",
        },
        Object {
          "instance": null,
          "key": undefined,
          "nodeType": "host",
          "props": Object {
            "children": undefined,
            "className": "leaderboard-table-cell",
          },
          "ref": null,
          "rendered": null,
          "type": "td",
        },
        Object {
          "instance": null,
          "key": undefined,
          "nodeType": "host",
          "props": Object {
            "children": undefined,
            "className": "leaderboard-table-cell",
          },
          "ref": null,
          "rendered": null,
          "type": "td",
        },
      ],
      "type": "tr",
    },
  ],
  Symbol(enzyme.__options__): Object {
    "adapter": ReactSixteenAdapter {
      "options": Object {
        "enableComponentDidUpdateOnSetState": true,
        "lifecycles": Object {
          "componentDidUpdate": Object {
            "onSetState": true,
          },
          "getDerivedStateFromProps": true,
          "getSnapshotBeforeUpdate": true,
          "setState": Object {
            "skipsComponentDidUpdateOnNullish": true,
          },
        },
      },
    },
  },
}
`;
