// Jest Snapshot v1, https://goo.gl/fbAQLP

exports[`AddQuestionPage renders 1`] = `
ShallowWrapper {
  Symbol(enzyme.__root__): [Circular],
  Symbol(enzyme.__unrendered__): <AddQuestionPage
    startAddQuestion={[MockFunction]}
  />,
  Symbol(enzyme.__renderer__): Object {
    "batchedUpdates": [Function],
    "getNode": [Function],
    "render": [Function],
    "simulateError": [Function],
    "simulateEvent": [Function],
    "unmount": [Function],
  },
  Symbol(enzyme.__node__): Object {
    "instance": null,
    "key": undefined,
    "nodeType": "host",
    "props": Object {
      "children": <form
        onSubmit={[Function]}
      >
        <textarea
          id="question"
          placeholder="Information"
          type="text"
        />
        <textarea
          id="question"
          placeholder="Question"
          type="text"
        />
        <input
          id="answer1"
          placeholder="Answer 1"
          type="text"
        />
        <input
          id="answer2"
          placeholder="Anwser 2"
          type="text"
        />
        <input
          id="answer3"
          placeholder="Anwser 3"
          type="text"
        />
        <input
          id="answer4"
          placeholder="Answer 4"
          type="text"
        />
        <input
          id="correctAnswer"
          placeholder="Correct answer"
          type="number"
        />
        <input
          type="submit"
          value="Submits"
        />
      </form>,
    },
    "ref": null,
    "rendered": Object {
      "instance": null,
      "key": undefined,
      "nodeType": "host",
      "props": Object {
        "children": Array [
          <textarea
            id="question"
            placeholder="Information"
            type="text"
          />,
          <textarea
            id="question"
            placeholder="Question"
            type="text"
          />,
          <input
            id="answer1"
            placeholder="Answer 1"
            type="text"
          />,
          <input
            id="answer2"
            placeholder="Anwser 2"
            type="text"
          />,
          <input
            id="answer3"
            placeholder="Anwser 3"
            type="text"
          />,
          <input
            id="answer4"
            placeholder="Answer 4"
            type="text"
          />,
          <input
            id="correctAnswer"
            placeholder="Correct answer"
            type="number"
          />,
          <input
            type="submit"
            value="Submits"
          />,
        ],
        "onSubmit": [Function],
      },
      "ref": null,
      "rendered": Array [
        Object {
          "instance": null,
          "key": undefined,
          "nodeType": "host",
          "props": Object {
            "id": "question",
            "placeholder": "Information",
            "type": "text",
          },
          "ref": null,
          "rendered": null,
          "type": "textarea",
        },
        Object {
          "instance": null,
          "key": undefined,
          "nodeType": "host",
          "props": Object {
            "id": "question",
            "placeholder": "Question",
            "type": "text",
          },
          "ref": null,
          "rendered": null,
          "type": "textarea",
        },
        Object {
          "instance": null,
          "key": undefined,
          "nodeType": "host",
          "props": Object {
            "id": "answer1",
            "placeholder": "Answer 1",
            "type": "text",
          },
          "ref": null,
          "rendered": null,
          "type": "input",
        },
        Object {
          "instance": null,
          "key": undefined,
          "nodeType": "host",
          "props": Object {
            "id": "answer2",
            "placeholder": "Anwser 2",
            "type": "text",
          },
          "ref": null,
          "rendered": null,
          "type": "input",
        },
        Object {
          "instance": null,
          "key": undefined,
          "nodeType": "host",
          "props": Object {
            "id": "answer3",
            "placeholder": "Anwser 3",
            "type": "text",
          },
          "ref": null,
          "rendered": null,
          "type": "input",
        },
        Object {
          "instance": null,
          "key": undefined,
          "nodeType": "host",
          "props": Object {
            "id": "answer4",
            "placeholder": "Answer 4",
            "type": "text",
          },
          "ref": null,
          "rendered": null,
          "type": "input",
        },
        Object {
          "instance": null,
          "key": undefined,
          "nodeType": "host",
          "props": Object {
            "id": "correctAnswer",
            "placeholder": "Correct answer",
            "type": "number",
          },
          "ref": null,
          "rendered": null,
          "type": "input",
        },
        Object {
          "instance": null,
          "key": undefined,
          "nodeType": "host",
          "props": Object {
            "type": "submit",
            "value": "Submits",
          },
          "ref": null,
          "rendered": null,
          "type": "input",
        },
      ],
      "type": "form",
    },
    "type": "div",
  },
  Symbol(enzyme.__nodes__): Array [
    Object {
      "instance": null,
      "key": undefined,
      "nodeType": "host",
      "props": Object {
        "children": <form
          onSubmit={[Function]}
        >
          <textarea
            id="question"
            placeholder="Information"
            type="text"
          />
          <textarea
            id="question"
            placeholder="Question"
            type="text"
          />
          <input
            id="answer1"
            placeholder="Answer 1"
            type="text"
          />
          <input
            id="answer2"
            placeholder="Anwser 2"
            type="text"
          />
          <input
            id="answer3"
            placeholder="Anwser 3"
            type="text"
          />
          <input
            id="answer4"
            placeholder="Answer 4"
            type="text"
          />
          <input
            id="correctAnswer"
            placeholder="Correct answer"
            type="number"
          />
          <input
            type="submit"
            value="Submits"
          />
        </form>,
      },
      "ref": null,
      "rendered": Object {
        "instance": null,
        "key": undefined,
        "nodeType": "host",
        "props": Object {
          "children": Array [
            <textarea
              id="question"
              placeholder="Information"
              type="text"
            />,
            <textarea
              id="question"
              placeholder="Question"
              type="text"
            />,
            <input
              id="answer1"
              placeholder="Answer 1"
              type="text"
            />,
            <input
              id="answer2"
              placeholder="Anwser 2"
              type="text"
            />,
            <input
              id="answer3"
              placeholder="Anwser 3"
              type="text"
            />,
            <input
              id="answer4"
              placeholder="Answer 4"
              type="text"
            />,
            <input
              id="correctAnswer"
              placeholder="Correct answer"
              type="number"
            />,
            <input
              type="submit"
              value="Submits"
            />,
          ],
          "onSubmit": [Function],
        },
        "ref": null,
        "rendered": Array [
          Object {
            "instance": null,
            "key": undefined,
            "nodeType": "host",
            "props": Object {
              "id": "question",
              "placeholder": "Information",
              "type": "text",
            },
            "ref": null,
            "rendered": null,
            "type": "textarea",
          },
          Object {
            "instance": null,
            "key": undefined,
            "nodeType": "host",
            "props": Object {
              "id": "question",
              "placeholder": "Question",
              "type": "text",
            },
            "ref": null,
            "rendered": null,
            "type": "textarea",
          },
          Object {
            "instance": null,
            "key": undefined,
            "nodeType": "host",
            "props": Object {
              "id": "answer1",
              "placeholder": "Answer 1",
              "type": "text",
            },
            "ref": null,
            "rendered": null,
            "type": "input",
          },
          Object {
            "instance": null,
            "key": undefined,
            "nodeType": "host",
            "props": Object {
              "id": "answer2",
              "placeholder": "Anwser 2",
              "type": "text",
            },
            "ref": null,
            "rendered": null,
            "type": "input",
          },
          Object {
            "instance": null,
            "key": undefined,
            "nodeType": "host",
            "props": Object {
              "id": "answer3",
              "placeholder": "Anwser 3",
              "type": "text",
            },
            "ref": null,
            "rendered": null,
            "type": "input",
          },
          Object {
            "instance": null,
            "key": undefined,
            "nodeType": "host",
            "props": Object {
              "id": "answer4",
              "placeholder": "Answer 4",
              "type": "text",
            },
            "ref": null,
            "rendered": null,
            "type": "input",
          },
          Object {
            "instance": null,
            "key": undefined,
            "nodeType": "host",
            "props": Object {
              "id": "correctAnswer",
              "placeholder": "Correct answer",
              "type": "number",
            },
            "ref": null,
            "rendered": null,
            "type": "input",
          },
          Object {
            "instance": null,
            "key": undefined,
            "nodeType": "host",
            "props": Object {
              "type": "submit",
              "value": "Submits",
            },
            "ref": null,
            "rendered": null,
            "type": "input",
          },
        ],
        "type": "form",
      },
      "type": "div",
    },
  ],
  Symbol(enzyme.__options__): Object {
    "adapter": ReactSixteenAdapter {
      "options": Object {
        "enableComponentDidUpdateOnSetState": true,
        "lifecycles": Object {
          "componentDidUpdate": Object {
            "onSetState": true,
          },
          "getDerivedStateFromProps": true,
          "getSnapshotBeforeUpdate": true,
          "setState": Object {
            "skipsComponentDidUpdateOnNullish": true,
          },
        },
      },
    },
  },
}
`;
