// Jest Snapshot v1, https://goo.gl/fbAQLP

exports[`renders correctly 1`] = `
<div
  id="newsfeed-assemble"
>
  <h1>
    Newsfeed
  </h1>
</div>
`;
