// Jest Snapshot v1, https://goo.gl/fbAQLP

exports[`renders correctly 1`] = `
<div>
  <button
    onClick={[Function]}
  >
    Google Login
  </button>
  <button
    onClick={[Function]}
  >
    Github Login
  </button>
</div>
`;
