// Jest Snapshot v1, https://goo.gl/fbAQLP

exports[`renders correctly 1`] = `
<div
  className="message"
>
  message
  <div
    className="message-item undefined"
  />
</div>
`;
