// Jest Snapshot v1, https://goo.gl/fbAQLP

exports[`should render correctly 1`] = `
<div
  id="quiz-container"
>
  <h1>
    Welcome to the quiz!
  </h1>
</div>
`;
